[INFO] Scanning for projects...
[INFO] 
[INFO] ----------------------< com.vericart:vericart-ai >----------------------
[INFO] Building VeriCart AI 1.0.0
[INFO]   from pom.xml
[INFO] --------------------------------[ jar ]---------------------------------
[INFO] 
[INFO] --- clean:3.3.2:clean (default-clean) @ vericart-ai ---
[INFO] Deleting e:\CodeBuddy\VeriCart AI\backend\target
[INFO] 
[INFO] --- resources:3.3.1:resources (default-resources) @ vericart-ai ---
[INFO] Copying 2 resources from src\main\resources to target\classes
[INFO] Copying 2 resources from src\main\resources to target\classes
[INFO] 
[INFO] --- compiler:3.13.0:compile (default-compile) @ vericart-ai ---
[INFO] Recompiling the module because of changed source code.
[INFO] Compiling 58 source files with javac [debug parameters release 17] to target\classes
[INFO] 
[INFO] --- resources:3.3.1:testResources (default-testResources) @ vericart-ai ---
[INFO] skip non existing resourceDirectory e:\CodeBuddy\VeriCart AI\backend\src\test\resources
[INFO] 
[INFO] --- compiler:3.13.0:testCompile (default-testCompile) @ vericart-ai ---
[INFO] No sources to compile
[INFO] 
[INFO] --- surefire:3.1.2:test (default-test) @ vericart-ai ---
[INFO] Tests are skipped.
[INFO] 
[INFO] --- jar:3.3.0:jar (default-jar) @ vericart-ai ---
[INFO] Building jar: e:\CodeBuddy\VeriCart AI\backend\target\vericart-ai-1.0.0.jar
[INFO] 
[INFO] --- spring-boot:3.2.0:repackage (repackage) @ vericart-ai ---
[INFO] Replacing main artifact e:\CodeBuddy\VeriCart AI\backend\target\vericart-ai-1.0.0.jar with repackaged archive, adding nested dependencies in BOOT-INF/.
[INFO] The original artifact has been renamed to e:\CodeBuddy\VeriCart AI\backend\target\vericart-ai-1.0.0.jar.original
[INFO] ------------------------------------------------------------------------
[INFO] BUILD SUCCESS
[INFO] ------------------------------------------------------------------------
[INFO] Total time:  22.379 s
[INFO] Finished at: 2026-07-02T15:58:19+08:00
[INFO] ------------------------------------------------------------------------
